// Jest Snapshot v1, https://goo.gl/fbAQLP

exports[`<TemperatureMaxMin /> should view in display inline  1`] = `
<div
  class="sc-gsDKAQ kQPEAc"
  data-testid="weather-card"
>
  <div
    class="sc-eCImPb gaXuTU"
  >
    <p
      class="sc-jRQBWg RIONF"
    >
      25
      <span
        class="sc-gKclnd iiOJEI"
      >
        Â°C
      </span>
    </p>
    <p
      class="sc-iCfMLu cJUUDS"
    >
      21/01/2022 15:03
    </p>
  </div>
  <div
    class="sc-hKwDye fRzwDB"
  >
    <div
      data-testid=" lottie-mock"
    >
      Mock Lottie
    </div>
  </div>
  <div
    class="sc-dkPtRN cBUYje"
  >
    Chuva leve
  </div>
</div>
`;
